../Drivers/STM32F4xx_HAL_Driver/Src/stm32f4xx_hal_dac.c:271:19:HAL_DAC_Init	16	static
../Drivers/STM32F4xx_HAL_Driver/Src/stm32f4xx_hal_dac.c:332:19:HAL_DAC_DeInit	16	static
../Drivers/STM32F4xx_HAL_Driver/Src/stm32f4xx_hal_dac.c:377:13:HAL_DAC_MspInit	16	static
../Drivers/STM32F4xx_HAL_Driver/Src/stm32f4xx_hal_dac.c:393:13:HAL_DAC_MspDeInit	16	static
../Drivers/STM32F4xx_HAL_Driver/Src/stm32f4xx_hal_dac.c:435:19:HAL_DAC_Start	16	static
../Drivers/STM32F4xx_HAL_Driver/Src/stm32f4xx_hal_dac.c:490:19:HAL_DAC_Stop	16	static
../Drivers/STM32F4xx_HAL_Driver/Src/stm32f4xx_hal_dac.c:522:19:HAL_DAC_Start_DMA	32	static
../Drivers/STM32F4xx_HAL_Driver/Src/stm32f4xx_hal_dac.c:654:19:HAL_DAC_Stop_DMA	16	static
../Drivers/STM32F4xx_HAL_Driver/Src/stm32f4xx_hal_dac.c:702:6:HAL_DAC_IRQHandler	16	static
../Drivers/STM32F4xx_HAL_Driver/Src/stm32f4xx_hal_dac.c:775:19:HAL_DAC_SetValue	32	static
../Drivers/STM32F4xx_HAL_Driver/Src/stm32f4xx_hal_dac.c:809:13:HAL_DAC_ConvCpltCallbackCh1	16	static
../Drivers/STM32F4xx_HAL_Driver/Src/stm32f4xx_hal_dac.c:825:13:HAL_DAC_ConvHalfCpltCallbackCh1	16	static
../Drivers/STM32F4xx_HAL_Driver/Src/stm32f4xx_hal_dac.c:841:13:HAL_DAC_ErrorCallbackCh1	16	static
../Drivers/STM32F4xx_HAL_Driver/Src/stm32f4xx_hal_dac.c:857:13:HAL_DAC_DMAUnderrunCallbackCh1	16	static
../Drivers/STM32F4xx_HAL_Driver/Src/stm32f4xx_hal_dac.c:896:10:HAL_DAC_GetValue	24	static
../Drivers/STM32F4xx_HAL_Driver/Src/stm32f4xx_hal_dac.c:928:19:HAL_DAC_ConfigChannel	32	static
../Drivers/STM32F4xx_HAL_Driver/Src/stm32f4xx_hal_dac.c:995:22:HAL_DAC_GetState	16	static
../Drivers/STM32F4xx_HAL_Driver/Src/stm32f4xx_hal_dac.c:1008:10:HAL_DAC_GetError	16	static
../Drivers/STM32F4xx_HAL_Driver/Src/stm32f4xx_hal_dac.c:1274:6:DAC_DMAConvCpltCh1	24	static
../Drivers/STM32F4xx_HAL_Driver/Src/stm32f4xx_hal_dac.c:1293:6:DAC_DMAHalfConvCpltCh1	24	static
../Drivers/STM32F4xx_HAL_Driver/Src/stm32f4xx_hal_dac.c:1310:6:DAC_DMAErrorCh1	24	static
